// Jest Snapshot v1, https://goo.gl/fbAQLP

exports[`AddTrack should match with snapshot 1`] = `null`;
