// Jest Snapshot v1, https://goo.gl/fbAQLP

exports[`AdminEditItem should match with snapshot 1`] = `null`;
