// Jest Snapshot v1, https://goo.gl/fbAQLP

exports[`AdminAddItem should match with snapshot 1`] = `null`;
