// Jest Snapshot v1, https://goo.gl/fbAQLP

exports[`AdminHome should match with snapshot 1`] = `null`;
