// Jest Snapshot v1, https://goo.gl/fbAQLP

exports[`LoginPage should match with snapshot 1`] = `
<div>
  <h1
    className="heading"
  >
    Login
  </h1>
  <div
    className="content"
  >
    
    <div>
      <form
        className="form"
        onSubmit={[Function]}
      >
        <div
          className="form__group"
        >
          <input
            name="username"
            onChange={[Function]}
            placeholder="Enter your username"
            type="text"
            value=""
          />
        </div>
        <div
          className="form__group"
        >
          <input
            name="password"
            onChange={[Function]}
            placeholder="Enter your password"
            type="password"
            value=""
          />
        </div>
        <button
          className="btn mb3"
          type="submit"
        >
          Login
        </button>
      </form>
    </div>
    <a
      className="btn"
      href="/"
      onClick={[Function]}
    >
      Go back to Home
    </a>
  </div>
</div>
`;
