// Jest Snapshot v1, https://goo.gl/fbAQLP

exports[`SignupPage should match with snapshot 1`] = `null`;
