// Jest Snapshot v1, https://goo.gl/fbAQLP

exports[`AdminItemList should match with snapshot 1`] = `
<div
  className="admin__list"
/>
`;
